// Jest Snapshot v1, https://goo.gl/fbAQLP

exports[`match snapshot 1`] = `
<DocumentFragment>
  <form
    class="NewTodoForm"
  >
    <label
      for="task"
    >
      Task
    </label>
    <input
      id="task"
      name="task"
      placeholder="Todo"
      type="text"
      value=""
    />
    <button>
      Add New Todo!
    </button>
  </form>
</DocumentFragment>
`;
