// Jest Snapshot v1, https://goo.gl/fbAQLP

exports[`matches snapshot 1`] = `
<DocumentFragment>
  <div
    class="Todo"
  >
    <div>
      <span
        class="Todo-task"
      >
        Feed cat.
      </span>
      <button
        class="Todo-edit-btn"
      >
        Edit
      </button>
      <button
        class="Todo-completed-btn"
      >
        Mark as completed
      </button>
      <button
        class="Todo-delete-btn"
      >
        X
      </button>
    </div>
  </div>
</DocumentFragment>
`;
